// Jest Snapshot v1, https://goo.gl/fbAQLP

exports[`renders correctly 1`] = `
<RCTScrollView
  automaticallyAdjustContentInsets={false}
  contentContainerStyle={
    Object {
      "display": "flex",
      "flexDirection": "column",
      "height": 550,
      "justifyContent": "space-between",
      "overflow": "scroll",
      "padding": 0,
      "width": "100%",
    }
  }
  contentInset={
    Object {
      "bottom": 0,
    }
  }
  enableAutoAutomaticScroll={true}
  enableResetScrollToCoords={true}
  extraHeight={75}
  extraScrollHeight={0}
  keyboardDismissMode="interactive"
  keyboardOpeningTime={250}
  onScroll={[Function]}
  scrollEnabled={true}
  scrollEventThrottle={0}
  showsVerticalScrollIndicator={true}
>
  <View>
    <View
      style={
        Object {
          "alignItems": "center",
          "display": "flex",
          "flexDirection": "column",
          "justifyContent": "center",
          "marginTop": 0,
        }
      }
    >
      <Text
        accessible={true}
        allowFontScaling={true}
        ellipsizeMode="tail"
        style={
          Object {
            "backgroundColor": "#C4900F",
            "color": "#122732",
            "fontWeight": "bold",
            "padding": 5,
            "textAlign": "center",
            "width": 250,
          }
        }
      >
        Safety Measure Checklist
      </Text>
      <RCTScrollView
        contentContainerStyle={
          Object {
            "alignItems": "flex-start",
            "display": "flex",
            "flexDirection": "column",
            "margin": 10,
            "overflow": "scroll",
          }
        }
      >
        <View>
          <View
            accessibilityComponentType={undefined}
            accessibilityLabel={undefined}
            accessibilityTraits={undefined}
            accessible={true}
            hasTVPreferredFocus={undefined}
            hitSlop={undefined}
            isTVSelectable={true}
            nativeID={undefined}
            onLayout={undefined}
            onResponderGrant={[Function]}
            onResponderMove={[Function]}
            onResponderRelease={[Function]}
            onResponderTerminate={[Function]}
            onResponderTerminationRequest={[Function]}
            onStartShouldSetResponder={[Function]}
            style={
              Array [
                Object {
                  "backgroundColor": "transparent",
                },
                undefined,
              ]
            }
            testID={undefined}
            tvParallaxProperties={undefined}
          >
            <View
              style={
                Object {
                  "alignItems": "center",
                  "backgroundColor": "#122732",
                  "borderRadius": 15,
                  "display": "flex",
                  "flexDirection": "row",
                  "height": 40,
                  "marginTop": 10,
                  "padding": 5,
                  "width": 225,
                }
              }
            >
              <Image
                source={
                  Object {
                    "testUri": "../../../components/assets/checked.png",
                  }
                }
                style={
                  Object {
                    "height": 24,
                    "width": 24,
                  }
                }
              />
              <Text
                accessible={true}
                allowFontScaling={true}
                ellipsizeMode="tail"
                style={
                  Object {
                    "color": "white",
                    "fontSize": 12,
                    "fontWeight": "bold",
                    "marginLeft": 20,
                  }
                }
              >
                wear rubber gloves
              </Text>
            </View>
          </View>
          <View
            accessibilityComponentType={undefined}
            accessibilityLabel={undefined}
            accessibilityTraits={undefined}
            accessible={true}
            hasTVPreferredFocus={undefined}
            hitSlop={undefined}
            isTVSelectable={true}
            nativeID={undefined}
            onLayout={undefined}
            onResponderGrant={[Function]}
            onResponderMove={[Function]}
            onResponderRelease={[Function]}
            onResponderTerminate={[Function]}
            onResponderTerminationRequest={[Function]}
            onStartShouldSetResponder={[Function]}
            style={
              Array [
                Object {
                  "backgroundColor": "transparent",
                },
                undefined,
              ]
            }
            testID={undefined}
            tvParallaxProperties={undefined}
          >
            <View
              style={
                Object {
                  "alignItems": "center",
                  "backgroundColor": "#122732",
                  "borderRadius": 15,
                  "display": "flex",
                  "flexDirection": "row",
                  "height": 40,
                  "marginTop": 10,
                  "padding": 5,
                  "width": 225,
                }
              }
            >
              <Image
                source={
                  Object {
                    "testUri": "../../../components/assets/checked.png",
                  }
                }
                style={
                  Object {
                    "height": 24,
                    "width": 24,
                  }
                }
              />
              <Text
                accessible={true}
                allowFontScaling={true}
                ellipsizeMode="tail"
                style={
                  Object {
                    "color": "white",
                    "fontSize": 12,
                    "fontWeight": "bold",
                    "marginLeft": 20,
                  }
                }
              >
                lockout/tagout
              </Text>
            </View>
          </View>
          <View
            accessibilityComponentType={undefined}
            accessibilityLabel={undefined}
            accessibilityTraits={undefined}
            accessible={true}
            hasTVPreferredFocus={undefined}
            hitSlop={undefined}
            isTVSelectable={true}
            nativeID={undefined}
            onLayout={undefined}
            onResponderGrant={[Function]}
            onResponderMove={[Function]}
            onResponderRelease={[Function]}
            onResponderTerminate={[Function]}
            onResponderTerminationRequest={[Function]}
            onStartShouldSetResponder={[Function]}
            style={
              Array [
                Object {
                  "backgroundColor": "transparent",
                },
                undefined,
              ]
            }
            testID={undefined}
            tvParallaxProperties={undefined}
          >
            <View
              style={
                Object {
                  "alignItems": "center",
                  "backgroundColor": "#122732",
                  "borderRadius": 15,
                  "display": "flex",
                  "flexDirection": "row",
                  "height": 40,
                  "marginTop": 10,
                  "padding": 5,
                  "width": 225,
                }
              }
            >
              <Image
                source={
                  Object {
                    "testUri": "../../../components/assets/checked.png",
                  }
                }
                style={
                  Object {
                    "height": 24,
                    "width": 24,
                  }
                }
              />
              <Text
                accessible={true}
                allowFontScaling={true}
                ellipsizeMode="tail"
                style={
                  Object {
                    "color": "white",
                    "fontSize": 12,
                    "fontWeight": "bold",
                    "marginLeft": 20,
                  }
                }
              >
                check locks
              </Text>
            </View>
          </View>
        </View>
      </RCTScrollView>
      <Text
        accessible={true}
        allowFontScaling={true}
        ellipsizeMode="tail"
        style={
          Object {
            "backgroundColor": "#C4900F",
            "color": "#122732",
            "fontWeight": "bold",
            "padding": 5,
            "textAlign": "center",
            "width": 250,
          }
        }
      >
        Specific Safety Measures
      </Text>
      <TextInput
        allowFontScaling={true}
        multiline={true}
        onChangeText={[Function]}
        placeholder="Specific Concerns"
        style={
          Object {
            "backgroundColor": "#CED5E0",
            "color": "#122732",
            "fontSize": 20,
            "height": 100,
            "marginBottom": 10,
            "padding": 5,
            "width": 250,
          }
        }
        value="I could stub my toe"
      />
      <View
        accessibilityComponentType="button"
        accessibilityLabel={undefined}
        accessibilityTraits={
          Array [
            "button",
          ]
        }
        accessible={true}
        collapsable={undefined}
        hitSlop={undefined}
        isTVSelectable={true}
        nativeID={undefined}
        onLayout={undefined}
        onResponderGrant={[Function]}
        onResponderMove={[Function]}
        onResponderRelease={[Function]}
        onResponderTerminate={[Function]}
        onResponderTerminationRequest={[Function]}
        onStartShouldSetResponder={[Function]}
        style={
          Object {
            "opacity": 1,
          }
        }
        testID={undefined}
        tvParallaxProperties={undefined}
      >
        <View
          style={
            Array [
              Object {},
            ]
          }
        >
          <Text
            accessible={true}
            allowFontScaling={true}
            disabled={undefined}
            ellipsizeMode="tail"
            style={
              Array [
                Object {
                  "color": "#007AFF",
                  "fontSize": 18,
                  "padding": 8,
                  "textAlign": "center",
                },
              ]
            }
          >
            SUBMIT
          </Text>
        </View>
      </View>
      <View
        accessibilityComponentType="button"
        accessibilityLabel={undefined}
        accessibilityTraits={
          Array [
            "button",
          ]
        }
        accessible={true}
        collapsable={undefined}
        hitSlop={undefined}
        isTVSelectable={true}
        nativeID={undefined}
        onLayout={undefined}
        onResponderGrant={[Function]}
        onResponderMove={[Function]}
        onResponderRelease={[Function]}
        onResponderTerminate={[Function]}
        onResponderTerminationRequest={[Function]}
        onStartShouldSetResponder={[Function]}
        style={
          Object {
            "opacity": 1,
          }
        }
        testID={undefined}
        tvParallaxProperties={undefined}
      >
        <View
          style={
            Array [
              Object {},
            ]
          }
        >
          <Text
            accessible={true}
            allowFontScaling={true}
            disabled={undefined}
            ellipsizeMode="tail"
            style={
              Array [
                Object {
                  "color": "#007AFF",
                  "fontSize": 18,
                  "padding": 8,
                  "textAlign": "center",
                },
              ]
            }
          >
            BACK
          </Text>
        </View>
      </View>
      <View
        accessibilityComponentType="button"
        accessibilityLabel={undefined}
        accessibilityTraits={
          Array [
            "button",
          ]
        }
        accessible={true}
        collapsable={undefined}
        hitSlop={undefined}
        isTVSelectable={true}
        nativeID={undefined}
        onLayout={undefined}
        onResponderGrant={[Function]}
        onResponderMove={[Function]}
        onResponderRelease={[Function]}
        onResponderTerminate={[Function]}
        onResponderTerminationRequest={[Function]}
        onStartShouldSetResponder={[Function]}
        style={
          Object {
            "opacity": 1,
          }
        }
        testID={undefined}
        tvParallaxProperties={undefined}
      >
        <View
          style={
            Array [
              Object {},
            ]
          }
        >
          <Text
            accessible={true}
            allowFontScaling={true}
            disabled={undefined}
            ellipsizeMode="tail"
            style={
              Array [
                Object {
                  "color": "#007AFF",
                  "fontSize": 18,
                  "padding": 8,
                  "textAlign": "center",
                },
              ]
            }
          >
            LOG OUT
          </Text>
        </View>
      </View>
    </View>
  </View>
</RCTScrollView>
`;
